aic94xx-firmware
alsa-utils
cachyos-gaming-meta
ast-firmware
aylurs-gtk-shell-git
base
base-devel
bat
brightnessctl
btop
btrfs-assistant
cava
chafa
check-broken-packages-pacman-hook-git
chezmoi
chrome-remote-desktop
cliphist
code
codelldb-bin
compsize
comtrya
dex
distcc
dmidecode
dnsmasq
docker
dust
efibootmgr
evdi-git
eza
fastfetch
figlet-fonts
figlet-fonts-extra
firefox
fish
foot
git-credential-manager-core
gnome-font-viewer
gnome-tweaks
googledot-cursor-theme
gparted
grimblast-git
grub-btrfs
grub-customizer
grub-theme-arch-linux
gum
heroic-games-launcher
hyprpicker
kdialog
kitty
lazygit
legendary
lib32-faudio
libgtop
libguestfs
libva-nvidia-driver
libva-utils
looking-glass-host
lostfiles
luarocks
man-db
matugen-bin
most
neovim-nvim-treesitter
networkmanager
obs-studio
ollama-cuda-git
openbsd-netcat
os-prober
otf-comicshanns-nerd
pacdiff-pacman-hook-git
pacolog
parallel
paru
pass
pipes-rs
pipewire-alsa
polkit-kde-agent
powerpill
power-profiles-daemon
protontricks
protonup-qt-bin
pwvucontrol
python-gpustat
python-mov-cli-youtube
python-pip
qt5-declarative
reflector-pacman-hook-git
rofi-games
rustup
spotify
steam-tui-bin
stylua
sunshine
swww
sync-pacman-hook-git
timeshift
timg
tmux-git
tree-sitter-cli
ttf-jetbrains-mono-nerd
ttf-victor-mono-nerd
upd72020x-fw
uutils-coreutils
vesktop-bin
virt-manager
virt-viewer
vulkan-tools
wallust
wd719x-firmware
wdisplays
wev
wezterm-git
wezterm-terminfo-git
xclip
xorg-xeyes
xorg-xhost
yazi
ydotool
zen-browser-bin
zoxide
zram-generator
