agsv1
agsv1-debug
aic94xx-firmware
alsa-utils
anyrun-git
arch-gaming-meta
ast-firmware
aylurs-gtk-shell-git
base
base-devel
bat
bluez-utils
bridge-utils
brightnessctl
btop
btrfs-assistant
cachyos-keyring
cachyos-mirrorlist
cachyos-v3-mirrorlist
cachyos-v4-mirrorlist
carapace-bin
cava
chafa
chaotic-keyring
chaotic-mirrorlist
check-broken-packages-pacman-hook-git
chezmoi
chrome-remote-desktop
chromium
cliphist
code
codelldb-bin
comtrya
dex
discover
distcc
dmenu
dmidecode
dnsmasq
dust
efibootmgr
eza
fastfetch
figlet
firefox
fish
flatpak
foot
git-credential-manager-core
gnome-bluetooth-3.0
gnome-font-viewer
gnome-tweaks
googledot-cursor-theme
gparted
gpu-screen-recorder-git
grimblast-git
grub-btrfs
grub-customizer
grub-theme-arch-linux
gum
hyprpicker
inotify-tools
ironbar-git
kdialog
kitty
lazygit
lib32-faudio
libgtop
libguestfs
libva-nvidia-driver
libva-utils
linux
linux-cachyos-bore-headers
linux-firmware
linux-firmware-qlogic
linux-headers
linux-zen
linux-zen-headers
looking-glass-host
lostfiles
luarocks
ly
man-db
matugen-bin
most
nautilus
neofetch
neovim-nvim-treesitter
networkmanager
nushell
obs-studio
openbsd-netcat
os-prober
otf-comicshanns-nerd
pacdiff-pacman-hook-git
paru
paru-debug
pass
pipes-rs
pipes.sh
pipewire-alsa
polkit-kde-agent
powerpill
power-profiles-daemon
protontricks
protonup-qt-bin
pueue
pulse-native-provider
pwvucontrol
python-gpustat
python-mov-cli-youtube
python-pip
qt5-declarative
reflector-pacman-hook-git
rofi-games
rustup
snap-pac
snap-sync
spotify
spotify-player
starship
steam-tui-bin
stylua
sunshine
swaync
swww
sync-pacman-hook-git
thefuck
timeshift
timg
tmux-git
tree-sitter-cli
ttf-jetbrains-mono-nerd
ttf-victor-mono-nerd
upd72020x-fw
uutils-coreutils
vesktop-bin
virt-manager
virt-viewer
vulkan-tools
wallust
waybar-cava
wd719x-firmware
wev
wezterm-git
wezterm-terminfo-git
wpaperd-git
xclip
xorg-xeyes
xorg-xhost
yay-bin
yazi
ydotool
zen-browser-bin
zoxide
zram-generator
zsh
